[0.010s][info][gc] Using Serial
[10.791s][info][gc] GC(0) Pause Young (Allocation Failure) 4M->2M(15M) 3.354ms
[10.899s][info][gc] GC(1) Pause Young (Allocation Failure) 6M->2M(15M) 2.756ms
[10.975s][info][gc] GC(2) Pause Young (Allocation Failure) 7M->3M(15M) 4.370ms
[11.037s][info][gc] GC(3) Pause Young (Allocation Failure) 8M->4M(15M) 2.553ms
[11.255s][info][gc] GC(4) Pause Young (Allocation Failure) 8M->5M(15M) 3.306ms
[11.504s][info][gc] GC(5) Pause Young (Allocation Failure) 9M->5M(15M) 4.505ms
[91.628s][info][gc] GC(6) Pause Young (Allocation Failure) 10M->6M(15M) 2.687ms
[129.983s][info][gc] GC(7) Pause Young (Allocation Failure) 10M->6M(15M) 0.918ms
[175.361s][info][gc] GC(8) Pause Young (Allocation Failure) 10M->6M(15M) 0.881ms
[221.715s][info][gc] GC(9) Pause Young (Allocation Failure) 10M->6M(15M) 1.228ms
[269.032s][info][gc] GC(10) Pause Young (Allocation Failure) 10M->6M(15M) 1.375ms
