[0.015s][info][gc] Using Serial
[1.113s][info][gc] GC(0) Pause Young (Allocation Failure) 3M->1M(11M) 4.941ms
[10.201s][info][gc] GC(1) Pause Young (Allocation Failure) 4M->3M(11M) 4.251ms
[10.309s][info][gc] GC(2) Pause Young (Allocation Failure) 6M->3M(11M) 3.276ms
[10.396s][info][gc] GC(3) Pause Young (Allocation Failure) 7M->4M(11M) 4.275ms
[10.435s][info][gc] GC(4) Pause Young (Allocation Failure) 7M->5M(11M) 3.611ms
[10.680s][info][gc] GC(5) Pause Young (Allocation Failure) 8M->6M(11M) 3.966ms
[10.756s][info][gc] GC(6) Pause Young (Allocation Failure) 9M->6M(11M) 3.317ms
[11.016s][info][gc] GC(7) Pause Young (Allocation Failure) 9M->9M(11M) 0.056ms
[11.042s][info][gc] GC(8) Pause Full (Allocation Failure) 9M->5M(11M) 25.756ms
[21.212s][info][gc] GC(9) Pause Young (Allocation Failure) 8M->5M(11M) 1.726ms
[25.746s][info][gc] GC(10) Pause Young (Allocation Failure) 8M->6M(11M) 2.169ms
[25.751s][info][gc] GC(11) Pause Young (Allocation Failure) 9M->9M(11M) 0.062ms
[25.782s][info][gc] GC(12) Pause Full (Allocation Failure) 9M->6M(11M) 30.429ms
[25.787s][info][gc] GC(13) Pause Young (Allocation Failure) 9M->6M(11M) 1.157ms
[25.792s][info][gc] GC(14) Pause Young (Allocation Failure) 9M->6M(11M) 0.719ms
[25.796s][info][gc] GC(15) Pause Young (Allocation Failure) 9M->9M(11M) 0.071ms
[25.811s][info][gc] GC(16) Pause Full (Allocation Failure) 9M->6M(11M) 15.175ms
[25.815s][info][gc] GC(17) Pause Young (Allocation Failure) 9M->9M(11M) 0.073ms
[25.833s][info][gc] GC(18) Pause Full (Allocation Failure) 9M->6M(11M) 17.705ms
[25.838s][info][gc] GC(19) Pause Young (Allocation Failure) 9M->6M(11M) 0.555ms
[25.842s][info][gc] GC(20) Pause Young (Allocation Failure) 9M->6M(11M) 0.679ms
[31.327s][info][gc] GC(21) Pause Young (Allocation Failure) 9M->6M(11M) 0.579ms
[56.408s][info][gc] GC(22) Pause Young (Allocation Failure) 9M->6M(11M) 0.904ms
[69.810s][info][gc] GC(23) Pause Young (Allocation Failure) 8M->7M(11M) 1.154ms
[93.804s][info][gc] GC(24) Pause Young (Allocation Failure) 10M->10M(11M) 0.041ms
[93.826s][info][gc] GC(25) Pause Full (Allocation Failure) 10M->5M(11M) 21.589ms
[129.106s][info][gc] GC(26) Pause Young (Allocation Failure) 8M->5M(11M) 0.422ms
[164.329s][info][gc] GC(27) Pause Young (Allocation Failure) 8M->5M(11M) 0.848ms
[200.825s][info][gc] GC(28) Pause Young (Allocation Failure) 8M->5M(11M) 0.719ms
[238.027s][info][gc] GC(29) Pause Young (Allocation Failure) 8M->5M(11M) 0.832ms
[274.543s][info][gc] GC(30) Pause Young (Allocation Failure) 8M->5M(11M) 0.942ms
[310.965s][info][gc] GC(31) Pause Young (Allocation Failure) 8M->5M(11M) 0.950ms
[347.191s][info][gc] GC(32) Pause Young (Allocation Failure) 8M->5M(11M) 1.039ms
