[0.023s][info][gc] Using Serial
[10.747s][info][gc] GC(0) Pause Young (Allocation Failure) 4M->1M(15M) 9.636ms
[10.978s][info][gc] GC(1) Pause Young (Allocation Failure) 6M->2M(15M) 8.779ms
[11.126s][info][gc] GC(2) Pause Young (Allocation Failure) 6M->3M(15M) 8.822ms
[11.201s][info][gc] GC(3) Pause Young (Allocation Failure) 8M->4M(15M) 6.179ms
[11.648s][info][gc] GC(4) Pause Young (Allocation Failure) 8M->5M(15M) 7.264ms
[12.125s][info][gc] GC(5) Pause Young (Allocation Failure) 9M->5M(15M) 10.754ms
[24.484s][info][gc] GC(6) Pause Young (Allocation Failure) 10M->6M(15M) 6.966ms
[24.522s][info][gc] GC(7) Pause Young (Allocation Failure) 10M->6M(15M) 2.197ms
[24.543s][info][gc] GC(8) Pause Young (Allocation Failure) 10M->6M(15M) 0.871ms
[24.570s][info][gc] GC(9) Pause Young (Allocation Failure) 10M->6M(15M) 0.729ms
[24.586s][info][gc] GC(10) Pause Young (Allocation Failure) 10M->6M(15M) 1.045ms
[24.599s][info][gc] GC(11) Pause Young (Allocation Failure) 10M->6M(15M) 0.940ms
[24.614s][info][gc] GC(12) Pause Young (Allocation Failure) 10M->6M(15M) 0.714ms
[24.631s][info][gc] GC(13) Pause Young (Allocation Failure) 10M->6M(15M) 1.469ms
[24.642s][info][gc] GC(14) Pause Young (Allocation Failure) 10M->6M(15M) 1.190ms
[24.658s][info][gc] GC(15) Pause Young (Allocation Failure) 10M->6M(15M) 0.840ms
[24.674s][info][gc] GC(16) Pause Young (Allocation Failure) 10M->6M(15M) 1.043ms
[24.692s][info][gc] GC(17) Pause Young (Allocation Failure) 10M->6M(15M) 0.942ms
[24.706s][info][gc] GC(18) Pause Young (Allocation Failure) 10M->6M(15M) 0.873ms
[24.721s][info][gc] GC(19) Pause Young (Allocation Failure) 10M->6M(15M) 0.992ms
[24.735s][info][gc] GC(20) Pause Young (Allocation Failure) 10M->6M(15M) 1.044ms
[24.742s][info][gc] GC(21) Pause Young (Allocation Failure) 10M->6M(15M) 1.007ms
[24.750s][info][gc] GC(22) Pause Young (Allocation Failure) 10M->6M(15M) 1.001ms
[24.756s][info][gc] GC(23) Pause Young (Allocation Failure) 10M->6M(15M) 1.088ms
[24.762s][info][gc] GC(24) Pause Young (Allocation Failure) 10M->6M(15M) 1.269ms
[24.768s][info][gc] GC(25) Pause Young (Allocation Failure) 10M->6M(15M) 1.038ms
[24.775s][info][gc] GC(26) Pause Young (Allocation Failure) 10M->6M(15M) 1.373ms
[24.781s][info][gc] GC(27) Pause Young (Allocation Failure) 10M->6M(15M) 0.851ms
[24.788s][info][gc] GC(28) Pause Young (Allocation Failure) 10M->6M(15M) 1.105ms
[24.794s][info][gc] GC(29) Pause Young (Allocation Failure) 10M->6M(15M) 0.938ms
[24.800s][info][gc] GC(30) Pause Young (Allocation Failure) 10M->6M(15M) 0.890ms
[24.806s][info][gc] GC(31) Pause Young (Allocation Failure) 10M->6M(15M) 0.853ms
[24.812s][info][gc] GC(32) Pause Young (Allocation Failure) 10M->6M(15M) 0.890ms
[24.818s][info][gc] GC(33) Pause Young (Allocation Failure) 10M->6M(15M) 0.856ms
[24.825s][info][gc] GC(34) Pause Young (Allocation Failure) 10M->6M(15M) 0.996ms
[24.832s][info][gc] GC(35) Pause Young (Allocation Failure) 10M->6M(15M) 1.179ms
[24.839s][info][gc] GC(36) Pause Young (Allocation Failure) 10M->6M(15M) 1.135ms
[24.847s][info][gc] GC(37) Pause Young (Allocation Failure) 10M->6M(15M) 1.231ms
[24.855s][info][gc] GC(38) Pause Young (Allocation Failure) 10M->6M(15M) 1.383ms
[24.864s][info][gc] GC(39) Pause Young (Allocation Failure) 10M->6M(15M) 1.126ms
[24.873s][info][gc] GC(40) Pause Young (Allocation Failure) 10M->6M(15M) 1.300ms
[24.879s][info][gc] GC(41) Pause Young (Allocation Failure) 10M->6M(15M) 0.868ms
[24.887s][info][gc] GC(42) Pause Young (Allocation Failure) 10M->6M(15M) 1.335ms
[24.896s][info][gc] GC(43) Pause Young (Allocation Failure) 10M->6M(15M) 1.219ms
[24.904s][info][gc] GC(44) Pause Young (Allocation Failure) 10M->6M(15M) 1.349ms
[24.910s][info][gc] GC(45) Pause Young (Allocation Failure) 10M->6M(15M) 0.999ms
[24.916s][info][gc] GC(46) Pause Young (Allocation Failure) 10M->6M(15M) 1.028ms
[24.923s][info][gc] GC(47) Pause Young (Allocation Failure) 10M->6M(15M) 0.999ms
[24.931s][info][gc] GC(48) Pause Young (Allocation Failure) 10M->6M(15M) 1.021ms
[24.937s][info][gc] GC(49) Pause Young (Allocation Failure) 10M->6M(15M) 0.933ms
[24.946s][info][gc] GC(50) Pause Young (Allocation Failure) 10M->6M(15M) 1.411ms
[24.952s][info][gc] GC(51) Pause Young (Allocation Failure) 10M->6M(15M) 1.060ms
[24.960s][info][gc] GC(52) Pause Young (Allocation Failure) 10M->6M(15M) 1.207ms
[24.968s][info][gc] GC(53) Pause Young (Allocation Failure) 10M->6M(15M) 1.181ms
[47.559s][info][gc] GC(54) Pause Young (Allocation Failure) 10M->6M(15M) 2.032ms
[92.002s][info][gc] GC(55) Pause Young (Allocation Failure) 10M->6M(15M) 1.834ms
